../Core/Src/main.c:94:5:main	8	static
../Core/Src/main.c:152:6:SystemClock_Config	88	static
../Core/Src/main.c:200:13:MX_ADC1_Init	24	static
../Core/Src/main.c:261:13:MX_TIM2_Init	64	static
../Core/Src/main.c:320:13:MX_TIM10_Init	8	static
../Core/Src/main.c:351:13:MX_USART2_UART_Init	8	static
../Core/Src/main.c:382:13:MX_DMA_Init	16	static
../Core/Src/main.c:400:13:MX_GPIO_Init	40	static
../Core/Src/main.c:428:6:set_control	32	static
../Core/Src/main.c:445:6:HAL_TIM_PeriodElapsedCallback	32	static
../Core/Src/main.c:474:6:Error_Handler	4	static,ignoring_inline_asm
