../Core/Src/main.c:83:5:main	8	static
../Core/Src/main.c:134:6:SystemClock_Config	88	static
../Core/Src/main.c:182:13:MX_I2C1_Init	8	static
../Core/Src/main.c:213:13:MX_SPI2_Init	8	static
../Core/Src/main.c:248:13:MX_TIM10_Init	8	static
../Core/Src/main.c:276:13:MX_USART2_UART_Init	8	static
../Core/Src/main.c:304:13:MX_DMA_Init	16	static
../Core/Src/main.c:328:13:MX_GPIO_Init	24	static
../Core/Src/main.c:345:6:HAL_TIM_PeriodElapsedCallback	24	static
../Core/Src/main.c:361:6:HAL_SPI_TxCpltCallback	16	static
../Core/Src/main.c:368:6:HAL_UART_RxCpltCallback	16	static
../Core/Src/main.c:382:6:display	176	static
../Core/Src/main.c:406:6:Error_Handler	4	static
