../Core/Src/main.c:79:5:main	8	static
../Core/Src/main.c:138:6:SystemClock_Config	88	static
../Core/Src/main.c:185:13:MX_DAC_Init	16	static
../Core/Src/main.c:225:13:MX_TIM2_Init	32	static
../Core/Src/main.c:270:13:MX_USART1_UART_Init	8	static
../Core/Src/main.c:303:13:MX_USART2_UART_Init	8	static
../Core/Src/main.c:336:13:MX_GPIO_Init	40	static
../Core/Src/main.c:363:6:processCommand	24	static
../Core/Src/main.c:382:6:write_sin	32	static
../Core/Src/main.c:387:6:HAL_TIM_PeriodElapsedCallback	16	static
../Core/Src/main.c:397:6:HAL_UART_RxCpltCallback	16	static
../Core/Src/main.c:418:6:Error_Handler	4	static,ignoring_inline_asm
