../Core/Src/main.c:98:5:main	8	static
../Core/Src/main.c:154:6:SystemClock_Config	88	static
../Core/Src/main.c:202:13:MX_ADC1_Init	24	static
../Core/Src/main.c:254:13:MX_DAC_Init	16	static
../Core/Src/main.c:294:13:MX_TIM10_Init	8	static
../Core/Src/main.c:325:13:MX_USART2_UART_Init	8	static
../Core/Src/main.c:356:13:MX_DMA_Init	16	static
../Core/Src/main.c:374:13:MX_GPIO_Init	40	static
../Core/Src/main.c:400:7:write_sin	40	static
../Core/Src/main.c:406:6:HAL_TIM_PeriodElapsedCallback	32	static
../Core/Src/main.c:458:6:Error_Handler	4	static,ignoring_inline_asm
