../Core/Src/main.c:101:5:main	8	static
../Core/Src/main.c:161:6:SystemClock_Config	88	static
../Core/Src/main.c:203:13:MX_SPI2_Init	8	static
../Core/Src/main.c:241:13:MX_TIM10_Init	8	static
../Core/Src/main.c:272:13:MX_USART2_UART_Init	8	static
../Core/Src/main.c:303:13:MX_DMA_Init	16	static
../Core/Src/main.c:321:13:MX_GPIO_Init	40	static
../Core/Src/main.c:348:6:HAL_TIM_PeriodElapsedCallback	24	static
../Core/Src/main.c:364:6:HAL_SPI_TxCpltCallback	16	static
../Core/Src/main.c:371:6:HAL_UART_RxCpltCallback	48	static
../Core/Src/main.c:395:6:Error_Handler	4	static,ignoring_inline_asm
