../Core/Src/main.c:99:9:get_motor_speed	32	static
../Core/Src/main.c:115:9:pid_controller	24	static
../Core/Src/main.c:136:5:main	8	static
../Core/Src/main.c:191:6:SystemClock_Config	88	static
../Core/Src/main.c:239:13:MX_TIM2_Init	56	static
../Core/Src/main.c:288:13:MX_TIM3_Init	48	static
../Core/Src/main.c:337:13:MX_TIM4_Init	56	static
../Core/Src/main.c:386:13:MX_TIM10_Init	8	static
../Core/Src/main.c:417:13:MX_USART2_UART_Init	8	static
../Core/Src/main.c:450:13:MX_GPIO_Init	40	static
../Core/Src/main.c:476:6:HAL_TIM_PeriodElapsedCallback	32	static
../Core/Src/main.c:528:6:Error_Handler	4	static,ignoring_inline_asm
